// Jest Snapshot v1, https://goo.gl/fbAQLP

exports[`App component renders App 1`] = `
<Fragment>
  <Header
    header="Welcome to my feelings!"
  />
  <AllCharacters
    page={10}
  />
  <Footer
    footer="goodnight"
  />
</Fragment>
`;
